<html>
<body>
<pre>
<h1>礦ision Build Log</h1>
<h2>Tool Versions:</h2>
IDE-Version: μVision V5.25.2.0
Copyright (C) 2018 ARM Ltd and ARM Germany GmbH. All rights reserved.
License Information: wozhou he, tsinghua university, LIC=EXJCX-H1YYV-DW42I-TAE1G-8TH59-353GZ
 
Tool Versions:
Toolchain:       MDK-ARM Plus  Version: 5.25.2.0
Toolchain Path:  D:\Keil_v5\ARM\ARMCC\Bin
C Compiler:      Armcc.exe V5.06 update 6 (build 750)
Assembler:       Armasm.exe V5.06 update 6 (build 750)
Linker/Locator:  ArmLink.exe V5.06 update 6 (build 750)
Library Manager: ArmAr.exe V5.06 update 6 (build 750)
Hex Converter:   FromElf.exe V5.06 update 6 (build 750)
CPU DLL:         SARMCM3.DLL V5.25.2.0
Dialog DLL:      DCM.DLL V1.17.1.0
Target DLL:      Segger\JL2CM3.dll V2.99.29.0
Dialog DLL:      TCM.DLL V1.35.1.0
 
<h2>Project:</h2>
X:\我的工作\研一上\Beep-Git\BEEP-Car\USER\BEEP.uvproj
Project File Date:  06/22/2018

<h2>Output:</h2>
*** Using Compiler 'V5.06 update 6 (build 750)', folder: 'D:\Keil_v5\ARM\ARMCC\Bin'
Build target 'BEEP'
compiling main.c...
compiling system_stm32f4xx.c...
compiling beep.c...
compiling led.c...
compiling adc.c...
compiling stm32f4xx_it.c...
compiling timer.c...
assembling startup_stm32f40_41xxx.s...
compiling delay.c...
compiling sys.c...
compiling usart.c...
compiling msg.c...
compiling misc.c...
compiling location.c...
compiling run.c...
compiling stm32f4xx_gpio.c...
compiling stm32f4xx_usart.c...
compiling stm32f4xx_adc.c...
compiling stm32f4xx_syscfg.c...
compiling stm32f4xx_fsmc.c...
compiling stm32f4xx_rcc.c...
compiling stm32f4xx_tim.c...
linking...
Program Size: Code=15840 RO-data=896 RW-data=32 ZI-data=101904  
FromELF: creating hex file...
"..\OBJ\BEEP.axf" - 0 Error(s), 0 Warning(s).
Build Time Elapsed:  00:00:10
</pre>
</body>
</html>
